../Core/Src/main.c:90:6:showResponseFrame	24	static
../Core/Src/main.c:113:6:showData	24	static
../Core/Src/main.c:121:6:receiveSingleFrame	24	static
../Core/Src/main.c:148:6:receiveFirstFrame	24	static
../Core/Src/main.c:160:6:receiveConsecutiveFrame	24	static
../Core/Src/main.c:170:6:sendSingleFrame	40	static
../Core/Src/main.c:197:6:sendFirstFrame	32	static
../Core/Src/main.c:211:6:sendConsecutiveFrame	40	static
../Core/Src/main.c:239:6:sendFlowControlFrame	40	static
../Core/Src/main.c:254:6:sendresponseFrame	24	static
../Core/Src/main.c:269:6:responseSeedRequest	32	static
../Core/Src/main.c:293:6:sendKey	24	static
../Core/Src/main.c:308:6:responseKey	24	static
../Core/Src/main.c:351:6:sendNegativeResponse	32	static
../Core/Src/main.c:367:6:HAL_CAN_RxFifo0MsgPendingCallback	40	static
../Core/Src/main.c:457:6:HAL_CAN_RxFifo1MsgPendingCallback	72	static
../Core/Src/main.c:518:6:CANTP	24	static
../Core/Src/main.c:538:6:writeDataByIdentifier	16	static
../Core/Src/main.c:555:6:readDataByIdentifier	32	static
../Core/Src/main.c:569:6:sendSeedRequest	16	static
../Core/Src/main.c:582:6:HAL_GPIO_EXTI_Callback	48	static
../Core/Src/main.c:616:5:main	16	static
../Core/Src/main.c:684:6:SystemClock_Config	88	static
../Core/Src/main.c:730:13:MX_ADC1_Init	24	static
../Core/Src/main.c:782:13:MX_CAN1_Init	48	static
../Core/Src/main.c:834:13:MX_CAN2_Init	48	static
../Core/Src/main.c:886:13:MX_USART1_UART_Init	8	static
../Core/Src/main.c:919:13:MX_GPIO_Init	48	static
../Core/Src/main.c:979:1:__io_putchar	16	static
../Core/Src/main.c:995:6:Error_Handler	4	static,ignoring_inline_asm
